[DEBUG] group_admin_menu_handlers.py geladen
[DEBUG] bot.py gestartet
Bot startet, Handler werden registriert...
2025-07-09 06:24:49,596 - __main__ - ERROR - Fehler bei Admin-Benachrichtigung nach Neustart: object async_generator can't be used in 'await' expression
Python: 3.11.2 (main, Apr 28 2025, 14:11:48) [GCC 12.2.0]
Pyrogram: 2.0.106
tgcrypto nicht geladen: module 'TgCrypto' has no attribute '__version__'
2025-07-09 06:24:49,603 - telethon.crypto.aes - INFO - libssl detected, it will be used for encryption
Telethon: 1.34.0
[DEBUG] Handler-Registrierung in bot.py
[DEBUG] Handler-Registrierung abgeschlossen
[DEBUG] bot.handlers.group_admin_menu_handlers importiert
2025-07-09 06:24:49,777 - __main__ - INFO - 🚀 Telegram Bot wird gestartet...
2025-07-09 06:24:51,395 - pyrogram.connection.connection - INFO - Connecting...
2025-07-09 06:24:51,422 - pyrogram.connection.connection - INFO - Connected! Production DC2 - IPv4
2025-07-09 06:24:51,423 - pyrogram.session.session - INFO - NetworkTask started
2025-07-09 06:24:51,628 - pyrogram.session.session - INFO - Session initialized: Layer 158
2025-07-09 06:24:51,628 - pyrogram.session.session - INFO - Device: CPython 3.11.2 - Pyrogram 2.0.106
2025-07-09 06:24:51,628 - pyrogram.session.session - INFO - System: Linux 6.12.25+rpt-rpi-2712 (en)
2025-07-09 06:24:51,629 - pyrogram.session.session - INFO - Session started
2025-07-09 06:24:51,631 - pyrogram.session.session - INFO - PingTask started
2025-07-09 06:24:51,720 - pyrogram.dispatcher - INFO - Started 8 HandlerTasks
