[DEBUG] group_admin_menu_handlers.py geladen
[DEBUG] bot.py gestartet
Bot startet, Handler werden registriert...
2025-07-09 07:22:23,321 - __main__ - ERROR - Fehler bei Admin-Benachrichtigung nach Neustart: object async_generator can't be used in 'await' expression
Python: 3.11.2 (main, Apr 28 2025, 14:11:48) [GCC 12.2.0]
Pyrogram: 2.0.106
tgcrypto nicht geladen: module 'TgCrypto' has no attribute '__version__'
2025-07-09 07:22:23,329 - telethon.crypto.aes - INFO - libssl detected, it will be used for encryption
Telethon: 1.34.0
[DEBUG] Handler-Registrierung in bot.py
[DEBUG] Handler-Registrierung abgeschlossen
[DEBUG] bot.handlers.group_admin_menu_handlers importiert
2025-07-09 07:22:23,503 - __main__ - INFO - 🚀 Telegram Bot wird gestartet...
2025-07-09 07:22:23,672 - pyrogram.connection.connection - INFO - Connecting...
2025-07-09 07:22:23,696 - pyrogram.connection.connection - INFO - Connected! Production DC2 - IPv4
2025-07-09 07:22:23,697 - pyrogram.session.session - INFO - NetworkTask started
2025-07-09 07:22:23,857 - pyrogram.session.session - INFO - Session initialized: Layer 158
2025-07-09 07:22:23,857 - pyrogram.session.session - INFO - Device: CPython 3.11.2 - Pyrogram 2.0.106
2025-07-09 07:22:23,857 - pyrogram.session.session - INFO - System: Linux 6.12.25+rpt-rpi-2712 (en)
2025-07-09 07:22:23,857 - pyrogram.session.session - INFO - Session started
2025-07-09 07:22:23,859 - pyrogram.session.session - INFO - PingTask started
2025-07-09 07:22:23,934 - pyrogram.dispatcher - INFO - Started 8 HandlerTasks
2025-07-09 07:29:37,818 - bot.handlers.trigger_handler - INFO - [TriggerHandler] Nachricht empfangen: 'guten morgen 🫡🫡'
2025-07-09 07:29:37,818 - bot.handlers.trigger_handler - INFO - [TriggerHandler] Kein Trigger für: 'guten morgen 🫡🫡'
2025-07-09 07:36:08,957 - bot.handlers.group_admin_menu_handlers - INFO - [DEBUG] handle_welcome_text_input aufgerufen: chat_id=-1002276811032, user_id=1581164712, text=Moin 😂
2025-07-09 08:04:18,704 - root - INFO - Stop signal received (SIGTERM). Exiting...
2025-07-09 08:04:21,667 - pyrogram.dispatcher - INFO - Stopped 8 HandlerTasks
2025-07-09 08:04:21,668 - pyrogram.session.session - INFO - PingTask stopped
2025-07-09 08:04:21,668 - pyrogram.connection.connection - INFO - Disconnected
2025-07-09 08:04:21,668 - pyrogram.session.session - INFO - NetworkTask stopped
2025-07-09 08:04:21,668 - pyrogram.session.session - INFO - Session stopped
