[DEBUG] group_admin_menu_handlers.py geladen
[DEBUG] bot.py gestartet
Bot startet, Handler werden registriert...
2025-07-09 06:37:29,137 - __main__ - ERROR - Fehler bei Admin-Benachrichtigung nach Neustart: object async_generator can't be used in 'await' expression
Python: 3.11.2 (main, Apr 28 2025, 14:11:48) [GCC 12.2.0]
Pyrogram: 2.0.106
tgcrypto nicht geladen: module 'TgCrypto' has no attribute '__version__'
2025-07-09 06:37:29,144 - telethon.crypto.aes - INFO - libssl detected, it will be used for encryption
Telethon: 1.34.0
[DEBUG] Handler-Registrierung in bot.py
[DEBUG] Handler-Registrierung abgeschlossen
[DEBUG] bot.handlers.group_admin_menu_handlers importiert
2025-07-09 06:37:29,320 - __main__ - INFO - 🚀 Telegram Bot wird gestartet...
2025-07-09 06:37:30,323 - __main__ - ERROR - Uncaught exception
Traceback (most recent call last):
  File "/home/manny/telegram-bot/bot/bot.py", line 404, in <module>
    app.run()
  File "/home/manny/telegram-bot/venv/lib/python3.11/site-packages/pyrogram/methods/utilities/run.py", line 84, in run
    self.start()
  File "/home/manny/telegram-bot/venv/lib/python3.11/site-packages/pyrogram/sync.py", line 66, in async_to_sync_wrap
    return loop.run_until_complete(coroutine)
           ^^^^^^^^^^^^^^^^^^^^^^^^^^^^^^^^^^
  File "/usr/lib/python3.11/asyncio/base_events.py", line 653, in run_until_complete
    return future.result()
           ^^^^^^^^^^^^^^^
  File "/home/manny/telegram-bot/venv/lib/python3.11/site-packages/pyrogram/methods/utilities/start.py", line 58, in start
    is_authorized = await self.connect()
                    ^^^^^^^^^^^^^^^^^^^^
  File "/home/manny/telegram-bot/venv/lib/python3.11/site-packages/pyrogram/methods/auth/connect.py", line 40, in connect
    await self.load_session()
  File "/home/manny/telegram-bot/venv/lib/python3.11/site-packages/pyrogram/client.py", line 616, in load_session
    await self.storage.open()
  File "/home/manny/telegram-bot/venv/lib/python3.11/site-packages/pyrogram/storage/file_storage.py", line 63, in open
    self.update()
  File "/home/manny/telegram-bot/venv/lib/python3.11/site-packages/pyrogram/storage/file_storage.py", line 52, in update
    self.version(version)
  File "/home/manny/telegram-bot/venv/lib/python3.11/site-packages/pyrogram/storage/sqlite_storage.py", line 219, in version
    self.conn.execute(
sqlite3.OperationalError: database is locked
