[DEBUG] group_admin_menu_handlers.py geladen
[DEBUG] bot.py gestartet
Bot startet, Handler werden registriert...
2025-07-09 07:00:15,544 - __main__ - ERROR - Fehler bei Admin-Benachrichtigung nach Neustart: object async_generator can't be used in 'await' expression
Python: 3.11.2 (main, Apr 28 2025, 14:11:48) [GCC 12.2.0]
Pyrogram: 2.0.106
tgcrypto nicht geladen: module 'TgCrypto' has no attribute '__version__'
2025-07-09 07:00:15,550 - telethon.crypto.aes - INFO - libssl detected, it will be used for encryption
Telethon: 1.34.0
[DEBUG] Handler-Registrierung in bot.py
[DEBUG] Handler-Registrierung abgeschlossen
[DEBUG] bot.handlers.group_admin_menu_handlers importiert
2025-07-09 07:00:15,729 - __main__ - INFO - 🚀 Telegram Bot wird gestartet...
2025-07-09 07:00:15,898 - pyrogram.connection.connection - INFO - Connecting...
2025-07-09 07:00:15,929 - pyrogram.connection.connection - INFO - Connected! Production DC2 - IPv4
2025-07-09 07:00:15,930 - pyrogram.session.session - INFO - NetworkTask started
2025-07-09 07:00:16,155 - pyrogram.session.session - INFO - Session initialized: Layer 158
2025-07-09 07:00:16,156 - pyrogram.session.session - INFO - Device: CPython 3.11.2 - Pyrogram 2.0.106
2025-07-09 07:00:16,156 - pyrogram.session.session - INFO - System: Linux 6.12.25+rpt-rpi-2712 (en)
2025-07-09 07:00:16,156 - pyrogram.session.session - INFO - Session started
2025-07-09 07:00:16,157 - pyrogram.session.session - INFO - PingTask started
2025-07-09 07:00:16,263 - pyrogram.dispatcher - INFO - Started 8 HandlerTasks
2025-07-09 07:21:24,184 - root - INFO - Stop signal received (SIGTERM). Exiting...
2025-07-09 07:21:27,618 - pyrogram.dispatcher - INFO - Stopped 8 HandlerTasks
2025-07-09 07:21:27,619 - pyrogram.session.session - INFO - PingTask stopped
2025-07-09 07:21:27,619 - pyrogram.connection.connection - INFO - Disconnected
2025-07-09 07:21:27,619 - pyrogram.session.session - INFO - NetworkTask stopped
2025-07-09 07:21:27,619 - pyrogram.session.session - INFO - Session stopped
